┌─────────────────────┬────────────────────────────────────────────────────────┐
│ high                │ Next.js HTTP request deserialization can lead to DoS   │
│                     │ when using insecure React Server Components            │
├─────────────────────┼────────────────────────────────────────────────────────┤
│ Package             │ next                                                   │
├─────────────────────┼────────────────────────────────────────────────────────┤
│ Vulnerable versions │ >=13.0.0 <15.0.8                                       │
├─────────────────────┼────────────────────────────────────────────────────────┤
│ Patched versions    │ >=15.0.8                                               │
├─────────────────────┼────────────────────────────────────────────────────────┤
│ Paths               │ apps\frontend > next@14.2.35                           │
├─────────────────────┼────────────────────────────────────────────────────────┤
│ More info           │ https://github.com/advisories/GHSA-h25m-26qc-wcjf      │
└─────────────────────┴────────────────────────────────────────────────────────┘
┌─────────────────────┬────────────────────────────────────────────────────────┐
│ high                │ Multer vulnerable to Denial of Service via incomplete  │
│                     │ cleanup                                                │
├─────────────────────┼────────────────────────────────────────────────────────┤
│ Package             │ multer                                                 │
├─────────────────────┼────────────────────────────────────────────────────────┤
│ Vulnerable versions │ <2.1.0                                                 │
├─────────────────────┼────────────────────────────────────────────────────────┤
│ Patched versions    │ >=2.1.0                                                │
├─────────────────────┼────────────────────────────────────────────────────────┤
│ Paths               │ apps\backend > @lifehub/audit@link:../../shared/audit  │
│                     │ > @nestjs/core@10.4.22 >                               │
│                     │ @nestjs/platform-express@10.4.22 > multer@2.0.2        │
│                     │                                                        │
│                     │ apps\backend >                                         │
│                     │ @lifehub/dashboard-domain@link:../../domains/dashboard │
│                     │ > @lifehub/permissions@link:../../shared/permissions > │
│                     │ @nestjs/core@10.4.22 >                                 │
│                     │ @nestjs/platform-express@10.4.22 > multer@2.0.2        │
│                     │                                                        │
│                     │ apps\backend >                                         │
│                     │ @lifehub/email-domain@link:../../domains/email >       │
│                     │ @lifehub/integrations-domain@link:../../domains/       │
│                     │ integrations >                                         │
│                     │ @lifehub/permissions@link:../../shared/permissions >   │
│                     │ @nestjs/core@10.4.22 >                                 │
│                     │ @nestjs/platform-express@10.4.22 > multer@2.0.2        │
│                     │                                                        │
│                     │ ... Found 76 paths, run `pnpm why multer` for more     │
│                     │ information                                            │
├─────────────────────┼────────────────────────────────────────────────────────┤
│ More info           │ https://github.com/advisories/GHSA-xf7r-hgr6-v32p      │
└─────────────────────┴────────────────────────────────────────────────────────┘
┌─────────────────────┬────────────────────────────────────────────────────────┐
│ high                │ Multer vulnerable to Denial of Service via resource    │
│                     │ exhaustion                                             │
├─────────────────────┼────────────────────────────────────────────────────────┤
│ Package             │ multer                                                 │
├─────────────────────┼────────────────────────────────────────────────────────┤
│ Vulnerable versions │ <2.1.0                                                 │
├─────────────────────┼────────────────────────────────────────────────────────┤
│ Patched versions    │ >=2.1.0                                                │
├─────────────────────┼────────────────────────────────────────────────────────┤
│ Paths               │ apps\backend > @lifehub/audit@link:../../shared/audit  │
│                     │ > @nestjs/core@10.4.22 >                               │
│                     │ @nestjs/platform-express@10.4.22 > multer@2.0.2        │
│                     │                                                        │
│                     │ apps\backend >                                         │
│                     │ @lifehub/dashboard-domain@link:../../domains/dashboard │
│                     │ > @lifehub/permissions@link:../../shared/permissions > │
│                     │ @nestjs/core@10.4.22 >                                 │
│                     │ @nestjs/platform-express@10.4.22 > multer@2.0.2        │
│                     │                                                        │
│                     │ apps\backend >                                         │
│                     │ @lifehub/email-domain@link:../../domains/email >       │
│                     │ @lifehub/integrations-domain@link:../../domains/       │
│                     │ integrations >                                         │
│                     │ @lifehub/permissions@link:../../shared/permissions >   │
│                     │ @nestjs/core@10.4.22 >                                 │
│                     │ @nestjs/platform-express@10.4.22 > multer@2.0.2        │
│                     │                                                        │
│                     │ ... Found 76 paths, run `pnpm why multer` for more     │
│                     │ information                                            │
├─────────────────────┼────────────────────────────────────────────────────────┤
│ More info           │ https://github.com/advisories/GHSA-v52c-386h-88mc      │
└─────────────────────┴────────────────────────────────────────────────────────┘
┌─────────────────────┬────────────────────────────────────────────────────────┐
│ high                │ Multer Vulnerable to Denial of Service via             │
│                     │ Uncontrolled Recursion                                 │
├─────────────────────┼────────────────────────────────────────────────────────┤
│ Package             │ multer                                                 │
├─────────────────────┼────────────────────────────────────────────────────────┤
│ Vulnerable versions │ <2.1.1                                                 │
├─────────────────────┼────────────────────────────────────────────────────────┤
│ Patched versions    │ >=2.1.1                                                │
├─────────────────────┼────────────────────────────────────────────────────────┤
│ Paths               │ apps\backend > @lifehub/audit@link:../../shared/audit  │
│                     │ > @nestjs/core@10.4.22 >                               │
│                     │ @nestjs/platform-express@10.4.22 > multer@2.0.2        │
│                     │                                                        │
│                     │ apps\backend >                                         │
│                     │ @lifehub/dashboard-domain@link:../../domains/dashboard │
│                     │ > @lifehub/permissions@link:../../shared/permissions > │
│                     │ @nestjs/core@10.4.22 >                                 │
│                     │ @nestjs/platform-express@10.4.22 > multer@2.0.2        │
│                     │                                                        │
│                     │ apps\backend >                                         │
│                     │ @lifehub/email-domain@link:../../domains/email >       │
│                     │ @lifehub/integrations-domain@link:../../domains/       │
│                     │ integrations >                                         │
│                     │ @lifehub/permissions@link:../../shared/permissions >   │
│                     │ @nestjs/core@10.4.22 >                                 │
│                     │ @nestjs/platform-express@10.4.22 > multer@2.0.2        │
│                     │                                                        │
│                     │ ... Found 76 paths, run `pnpm why multer` for more     │
│                     │ information                                            │
├─────────────────────┼────────────────────────────────────────────────────────┤
│ More info           │ https://github.com/advisories/GHSA-5528-5vmv-3xc2      │
└─────────────────────┴────────────────────────────────────────────────────────┘
┌─────────────────────┬────────────────────────────────────────────────────────┐
│ high                │ lodash vulnerable to Code Injection via `_.template`   │
│                     │ imports key names                                      │
├─────────────────────┼────────────────────────────────────────────────────────┤
│ Package             │ lodash                                                 │
├─────────────────────┼────────────────────────────────────────────────────────┤
│ Vulnerable versions │ >=4.0.0 <=4.17.23                                      │
├─────────────────────┼────────────────────────────────────────────────────────┤
│ Patched versions    │ >=4.18.0                                               │
├─────────────────────┼────────────────────────────────────────────────────────┤
│ Paths               │ apps\backend >                                         │
│                     │ @lifehub/email-domain@link:../../domains/email >       │
│                     │ @lifehub/integrations-domain@link:../../domains/       │
│                     │ integrations > @nestjs/config@3.3.0 > lodash@4.17.21   │
│                     │                                                        │
│                     │ apps\backend >                                         │
│                     │ @lifehub/integrations-domain@link:../../domains/       │
│                     │ integrations > @nestjs/config@3.3.0 > lodash@4.17.21   │
│                     │                                                        │
│                     │ apps\backend > @nestjs/config@3.3.0 > lodash@4.17.21   │
│                     │                                                        │
│                     │ ... Found 8 paths, run `pnpm why lodash` for more      │
│                     │ information                                            │
├─────────────────────┼────────────────────────────────────────────────────────┤
│ More info           │ https://github.com/advisories/GHSA-r5fr-rjxr-66jc      │
└─────────────────────┴────────────────────────────────────────────────────────┘
┌─────────────────────┬────────────────────────────────────────────────────────┐
│ high                │ Drizzle ORM has SQL injection via improperly escaped   │
│                     │ SQL identifiers                                        │
├─────────────────────┼────────────────────────────────────────────────────────┤
│ Package             │ drizzle-orm                                            │
├─────────────────────┼────────────────────────────────────────────────────────┤
│ Vulnerable versions │ <0.45.2                                                │
├─────────────────────┼────────────────────────────────────────────────────────┤
│ Patched versions    │ >=0.45.2                                               │
├─────────────────────┼────────────────────────────────────────────────────────┤
│ Paths               │ apps\backend >                                         │
│                     │ @lifehub/dashboard-domain@link:../../domains/dashboard │
│                     │ > @lifehub/db@link:../../shared/db >                   │
│                     │ drizzle-orm@0.36.4                                     │
│                     │                                                        │
│                     │ apps\backend > @lifehub/db@link:../../shared/db >      │
│                     │ drizzle-orm@0.36.4                                     │
│                     │                                                        │
│                     │ apps\backend >                                         │
│                     │ @lifehub/email-domain@link:../../domains/email >       │
│                     │ @lifehub/db@link:../../shared/db > drizzle-orm@0.36.4  │
│                     │                                                        │
│                     │ ... Found 69 paths, run `pnpm why drizzle-orm` for     │
│                     │ more information                                       │
├─────────────────────┼────────────────────────────────────────────────────────┤
│ More info           │ https://github.com/advisories/GHSA-gpj5-g38j-94v9      │
└─────────────────────┴────────────────────────────────────────────────────────┘
┌─────────────────────┬────────────────────────────────────────────────────────┐
│ high                │ Next.js has a Denial of Service with Server Components │
├─────────────────────┼────────────────────────────────────────────────────────┤
│ Package             │ next                                                   │
├─────────────────────┼────────────────────────────────────────────────────────┤
│ Vulnerable versions │ >=13.0.0 <15.5.15                                      │
├─────────────────────┼────────────────────────────────────────────────────────┤
│ Patched versions    │ >=15.5.15                                              │
├─────────────────────┼────────────────────────────────────────────────────────┤
│ Paths               │ apps\frontend > next@14.2.35                           │
├─────────────────────┼────────────────────────────────────────────────────────┤
│ More info           │ https://github.com/advisories/GHSA-q4gf-8mx6-v5v3      │
└─────────────────────┴────────────────────────────────────────────────────────┘
┌─────────────────────┬────────────────────────────────────────────────────────┐
│ high                │ Nest Affected by DoS via Recursive handleData in       │
│                     │ JsonSocket (TCP Transport)                             │
├─────────────────────┼────────────────────────────────────────────────────────┤
│ Package             │ @nestjs/microservices                                  │
├─────────────────────┼────────────────────────────────────────────────────────┤
│ Vulnerable versions │ <=11.1.18                                              │
├─────────────────────┼────────────────────────────────────────────────────────┤
│ Patched versions    │ >=11.1.19                                              │
├─────────────────────┼────────────────────────────────────────────────────────┤
│ Paths               │ apps\backend > @lifehub/audit@link:../../shared/audit  │
│                     │ > @nestjs/core@10.4.22 > @nestjs/microservices@10.4.22 │
│                     │                                                        │
│                     │ apps\backend >                                         │
│                     │ @lifehub/dashboard-domain@link:../../domains/dashboard │
│                     │ > @lifehub/permissions@link:../../shared/permissions > │
│                     │ @nestjs/core@10.4.22 > @nestjs/microservices@10.4.22   │
│                     │                                                        │
│                     │ apps\backend >                                         │
│                     │ @lifehub/email-domain@link:../../domains/email >       │
│                     │ @lifehub/integrations-domain@link:../../domains/       │
│                     │ integrations >                                         │
│                     │ @lifehub/permissions@link:../../shared/permissions >   │
│                     │ @nestjs/core@10.4.22 > @nestjs/microservices@10.4.22   │
│                     │                                                        │
│                     │ ... Found 76 paths, run `pnpm why                      │
│                     │ @nestjs/microservices` for more information            │
├─────────────────────┼────────────────────────────────────────────────────────┤
│ More info           │ https://github.com/advisories/GHSA-hpwf-8g29-85qm      │
└─────────────────────┴────────────────────────────────────────────────────────┘
┌─────────────────────┬────────────────────────────────────────────────────────┐
│ high                │ Next.js Vulnerable to Denial of Service with Server    │
│                     │ Components                                             │
├─────────────────────┼────────────────────────────────────────────────────────┤
│ Package             │ next                                                   │
├─────────────────────┼────────────────────────────────────────────────────────┤
│ Vulnerable versions │ >=13.0.0 <15.5.16                                      │
├─────────────────────┼────────────────────────────────────────────────────────┤
│ Patched versions    │ >=15.5.16                                              │
├─────────────────────┼────────────────────────────────────────────────────────┤
│ Paths               │ apps\frontend > next@14.2.35                           │
├─────────────────────┼────────────────────────────────────────────────────────┤
│ More info           │ https://github.com/advisories/GHSA-8h8q-6873-q5fj      │
└─────────────────────┴────────────────────────────────────────────────────────┘
┌─────────────────────┬────────────────────────────────────────────────────────┐
│ high                │ Next.js vulnerable to server-side request forgery in   │
│                     │ applications using WebSocket upgrades                  │
├─────────────────────┼────────────────────────────────────────────────────────┤
│ Package             │ next                                                   │
├─────────────────────┼────────────────────────────────────────────────────────┤
│ Vulnerable versions │ >=13.4.13 <15.5.16                                     │
├─────────────────────┼────────────────────────────────────────────────────────┤
│ Patched versions    │ >=15.5.16                                              │
├─────────────────────┼────────────────────────────────────────────────────────┤
│ Paths               │ apps\frontend > next@14.2.35                           │
├─────────────────────┼────────────────────────────────────────────────────────┤
│ More info           │ https://github.com/advisories/GHSA-c4j6-fc7j-m34r      │
└─────────────────────┴────────────────────────────────────────────────────────┘
┌─────────────────────┬────────────────────────────────────────────────────────┐
│ high                │ Next.js has a Middleware / Proxy bypass in Pages       │
│                     │ Router applications using i18n                         │
├─────────────────────┼────────────────────────────────────────────────────────┤
│ Package             │ next                                                   │
├─────────────────────┼────────────────────────────────────────────────────────┤
│ Vulnerable versions │ >=12.2.0 <15.5.16                                      │
├─────────────────────┼────────────────────────────────────────────────────────┤
│ Patched versions    │ >=15.5.16                                              │
├─────────────────────┼────────────────────────────────────────────────────────┤
│ Paths               │ apps\frontend > next@14.2.35                           │
├─────────────────────┼────────────────────────────────────────────────────────┤
│ More info           │ https://github.com/advisories/GHSA-36qx-fr4f-26g5      │
└─────────────────────┴────────────────────────────────────────────────────────┘
┌─────────────────────┬────────────────────────────────────────────────────────┐
│ high                │ Multer vulnerable to Denial of Service via deeply      │
│                     │ nested field names                                     │
├─────────────────────┼────────────────────────────────────────────────────────┤
│ Package             │ multer                                                 │
├─────────────────────┼────────────────────────────────────────────────────────┤
│ Vulnerable versions │ >=1.0.0 <2.2.0                                         │
├─────────────────────┼────────────────────────────────────────────────────────┤
│ Patched versions    │ >=2.2.0                                                │
├─────────────────────┼────────────────────────────────────────────────────────┤
│ Paths               │ apps\backend > @lifehub/audit@link:../../shared/audit  │
│                     │ > @nestjs/core@10.4.22 >                               │
│                     │ @nestjs/platform-express@10.4.22 > multer@2.0.2        │
│                     │                                                        │
│                     │ apps\backend >                                         │
│                     │ @lifehub/dashboard-domain@link:../../domains/dashboard │
│                     │ > @lifehub/permissions@link:../../shared/permissions > │
│                     │ @nestjs/core@10.4.22 >                                 │
│                     │ @nestjs/platform-express@10.4.22 > multer@2.0.2        │
│                     │                                                        │
│                     │ apps\backend >                                         │
│                     │ @lifehub/email-domain@link:../../domains/email >       │
│                     │ @lifehub/integrations-domain@link:../../domains/       │
│                     │ integrations >                                         │
│                     │ @lifehub/permissions@link:../../shared/permissions >   │
│                     │ @nestjs/core@10.4.22 >                                 │
│                     │ @nestjs/platform-express@10.4.22 > multer@2.0.2        │
│                     │                                                        │
│                     │ ... Found 76 paths, run `pnpm why multer` for more     │
│                     │ information                                            │
├─────────────────────┼────────────────────────────────────────────────────────┤
│ More info           │ https://github.com/advisories/GHSA-72gw-mp4g-v24j      │
└─────────────────────┴────────────────────────────────────────────────────────┘
┌─────────────────────┬────────────────────────────────────────────────────────┐
│ high                │ ws: Memory exhaustion DoS from tiny fragments and data │
│                     │ chunks                                                 │
├─────────────────────┼────────────────────────────────────────────────────────┤
│ Package             │ ws                                                     │
├─────────────────────┼────────────────────────────────────────────────────────┤
│ Vulnerable versions │ >=8.0.0 <8.21.0                                        │
├─────────────────────┼────────────────────────────────────────────────────────┤
│ Patched versions    │ >=8.21.0                                               │
├─────────────────────┼────────────────────────────────────────────────────────┤
│ Paths               │ apps\backend > @nestjs/platform-ws@10.4.22 > ws@8.18.0 │
├─────────────────────┼────────────────────────────────────────────────────────┤
│ More info           │ https://github.com/advisories/GHSA-96hv-2xvq-fx4p      │
└─────────────────────┴────────────────────────────────────────────────────────┘
┌─────────────────────┬────────────────────────────────────────────────────────┐
│ high                │ js-yaml: YAML merge-key chains can force quadratic CPU │
│                     │ consumption                                            │
├─────────────────────┼────────────────────────────────────────────────────────┤
│ Package             │ js-yaml                                                │
├─────────────────────┼────────────────────────────────────────────────────────┤
│ Vulnerable versions │ >=4.0.0 <4.3.0                                         │
├─────────────────────┼────────────────────────────────────────────────────────┤
│ Patched versions    │ >=4.3.0                                                │
├─────────────────────┼────────────────────────────────────────────────────────┤
│ Paths               │ apps\backend > @nestjs/swagger@7.4.2 > js-yaml@4.1.0   │
├─────────────────────┼────────────────────────────────────────────────────────┤
│ More info           │ https://github.com/advisories/GHSA-52cp-r559-cp3m      │
└─────────────────────┴────────────────────────────────────────────────────────┘
┌─────────────────────┬────────────────────────────────────────────────────────┐
│ high                │ Next.js: Denial of Service in App Router using Server  │
│                     │ Actions                                                │
├─────────────────────┼────────────────────────────────────────────────────────┤
│ Package             │ next                                                   │
├─────────────────────┼────────────────────────────────────────────────────────┤
│ Vulnerable versions │ >=13.0.0 <15.5.21                                      │
├─────────────────────┼────────────────────────────────────────────────────────┤
│ Patched versions    │ >=15.5.21                                              │
├─────────────────────┼────────────────────────────────────────────────────────┤
│ Paths               │ apps\frontend > next@14.2.35                           │
├─────────────────────┼────────────────────────────────────────────────────────┤
│ More info           │ https://github.com/advisories/GHSA-m99w-x7hq-7vfj      │
└─────────────────────┴────────────────────────────────────────────────────────┘
┌─────────────────────┬────────────────────────────────────────────────────────┐
│ high                │ Next.js: Server-Side Request Forgery in Server Actions │
│                     │ on custom servers                                      │
├─────────────────────┼────────────────────────────────────────────────────────┤
│ Package             │ next                                                   │
├─────────────────────┼────────────────────────────────────────────────────────┤
│ Vulnerable versions │ >=14.1.1 <15.5.21                                      │
├─────────────────────┼────────────────────────────────────────────────────────┤
│ Patched versions    │ >=15.5.21                                              │
├─────────────────────┼────────────────────────────────────────────────────────┤
│ Paths               │ apps\frontend > next@14.2.35                           │
├─────────────────────┼────────────────────────────────────────────────────────┤
│ More info           │ https://github.com/advisories/GHSA-89xv-2m56-2m9x      │
└─────────────────────┴────────────────────────────────────────────────────────┘
┌─────────────────────┬────────────────────────────────────────────────────────┐
│ high                │ Next.js: Server-Side Request Forgery in rewrites via   │
│                     │ attacker-controlled destination hostname               │
├─────────────────────┼────────────────────────────────────────────────────────┤
│ Package             │ next                                                   │
├─────────────────────┼────────────────────────────────────────────────────────┤
│ Vulnerable versions │ >=12.0.0 <15.5.21                                      │
├─────────────────────┼────────────────────────────────────────────────────────┤
│ Patched versions    │ >=15.5.21                                              │
├─────────────────────┼────────────────────────────────────────────────────────┤
│ Paths               │ apps\frontend > next@14.2.35                           │
├─────────────────────┼────────────────────────────────────────────────────────┤
│ More info           │ https://github.com/advisories/GHSA-p9j2-gv94-2wf4      │
└─────────────────────┴────────────────────────────────────────────────────────┘
┌─────────────────────┬────────────────────────────────────────────────────────┐
│ high                │ PostCSS: Arbitrary file read and information           │
│                     │ disclosure via attacker-controlled sourceMappingURL in │
│                     │ CSS comments                                           │
├─────────────────────┼────────────────────────────────────────────────────────┤
│ Package             │ postcss                                                │
├─────────────────────┼────────────────────────────────────────────────────────┤
│ Vulnerable versions │ <=8.5.11                                               │
├─────────────────────┼────────────────────────────────────────────────────────┤
│ Patched versions    │ >=8.5.12                                               │
├─────────────────────┼────────────────────────────────────────────────────────┤
│ Paths               │ apps\frontend > next@14.2.35 > postcss@8.4.31          │
├─────────────────────┼────────────────────────────────────────────────────────┤
│ More info           │ https://github.com/advisories/GHSA-6g55-p6wh-862q      │
└─────────────────────┴────────────────────────────────────────────────────────┘
┌─────────────────────┬────────────────────────────────────────────────────────┐
│ high                │ JS-YAML: Quadratic CPU consumption in !!omap           │
│                     │ resolution (3.x and 4.x) — CVE-2026-59870 fix not      │
│                     │ backported                                             │
├─────────────────────┼────────────────────────────────────────────────────────┤
│ Package             │ js-yaml                                                │
├─────────────────────┼────────────────────────────────────────────────────────┤
│ Vulnerable versions │ >=4.0.0 <4.3.1                                         │
├─────────────────────┼────────────────────────────────────────────────────────┤
│ Patched versions    │ >=4.3.1                                                │
├─────────────────────┼────────────────────────────────────────────────────────┤
│ Paths               │ apps\backend > @nestjs/swagger@7.4.2 > js-yaml@4.1.0   │
├─────────────────────┼────────────────────────────────────────────────────────┤
│ More info           │ https://github.com/advisories/GHSA-5p4m-2wfm-xmqj      │
└─────────────────────┴────────────────────────────────────────────────────────┘
┌─────────────────────┬────────────────────────────────────────────────────────┐
│ high                │ nanoid: non-secure generators can loop indefinitely    │
│                     │ with negative size                                     │
├─────────────────────┼────────────────────────────────────────────────────────┤
│ Package             │ nanoid                                                 │
├─────────────────────┼────────────────────────────────────────────────────────┤
│ Vulnerable versions │ <3.3.16                                                │
├─────────────────────┼────────────────────────────────────────────────────────┤
│ Patched versions    │ >=3.3.16                                               │
├─────────────────────┼────────────────────────────────────────────────────────┤
│ Paths               │ apps\frontend > next@14.2.35 > postcss@8.4.31 >        │
│                     │ nanoid@3.3.12                                          │
├─────────────────────┼────────────────────────────────────────────────────────┤
│ More info           │ https://github.com/advisories/GHSA-28wg-ghj8-5hjv      │
└─────────────────────┴────────────────────────────────────────────────────────┘
┌─────────────────────┬────────────────────────────────────────────────────────┐
│ high                │ nanoid: custom generators can loop indefinitely when   │
│                     │ size is zero                                           │
├─────────────────────┼────────────────────────────────────────────────────────┤
│ Package             │ nanoid                                                 │
├─────────────────────┼────────────────────────────────────────────────────────┤
│ Vulnerable versions │ <3.3.18                                                │
├─────────────────────┼────────────────────────────────────────────────────────┤
│ Patched versions    │ >=3.3.18                                               │
├─────────────────────┼────────────────────────────────────────────────────────┤
│ Paths               │ apps\frontend > next@14.2.35 > postcss@8.4.31 >        │
│                     │ nanoid@3.3.12                                          │
├─────────────────────┼────────────────────────────────────────────────────────┤
│ More info           │ https://github.com/advisories/GHSA-2v37-7h3g-55p8      │
└─────────────────────┴────────────────────────────────────────────────────────┘
┌─────────────────────┬────────────────────────────────────────────────────────┐
│ high                │ PostCSS: Path Traversal in Previous Source Map         │
│                     │ Auto-Loading (sourceMappingURL) leads to Arbitrary     │
│                     │ .map File Disclosure                                   │
├─────────────────────┼────────────────────────────────────────────────────────┤
│ Package             │ postcss                                                │
├─────────────────────┼────────────────────────────────────────────────────────┤
│ Vulnerable versions │ <=8.5.17                                               │
├─────────────────────┼────────────────────────────────────────────────────────┤
│ Patched versions    │ >=8.5.18                                               │
├─────────────────────┼────────────────────────────────────────────────────────┤
│ Paths               │ apps\frontend > next@14.2.35 > postcss@8.4.31          │
├─────────────────────┼────────────────────────────────────────────────────────┤
│ More info           │ https://github.com/advisories/GHSA-r28c-9q8g-f849      │
└─────────────────────┴────────────────────────────────────────────────────────┘
┌─────────────────────┬────────────────────────────────────────────────────────┐
│ moderate            │ Next.js self-hosted applications vulnerable to DoS via │
│                     │ Image Optimizer remotePatterns configuration           │
├─────────────────────┼────────────────────────────────────────────────────────┤
│ Package             │ next                                                   │
├─────────────────────┼────────────────────────────────────────────────────────┤
│ Vulnerable versions │ >=10.0.0 <15.5.10                                      │
├─────────────────────┼────────────────────────────────────────────────────────┤
│ Patched versions    │ >=15.5.10                                              │
├─────────────────────┼────────────────────────────────────────────────────────┤
│ Paths               │ apps\frontend > next@14.2.35                           │
├─────────────────────┼────────────────────────────────────────────────────────┤
│ More info           │ https://github.com/advisories/GHSA-9g9p-9gw9-jx7f      │
└─────────────────────┴────────────────────────────────────────────────────────┘
┌─────────────────────┬────────────────────────────────────────────────────────┐
│ moderate            │ js-yaml has prototype pollution in merge (<<)          │
├─────────────────────┼────────────────────────────────────────────────────────┤
│ Package             │ js-yaml                                                │
├─────────────────────┼────────────────────────────────────────────────────────┤
│ Vulnerable versions │ >=4.0.0 <4.1.1                                         │
├─────────────────────┼────────────────────────────────────────────────────────┤
│ Patched versions    │ >=4.1.1                                                │
├─────────────────────┼────────────────────────────────────────────────────────┤
│ Paths               │ apps\backend > @nestjs/swagger@7.4.2 > js-yaml@4.1.0   │
├─────────────────────┼────────────────────────────────────────────────────────┤
│ More info           │ https://github.com/advisories/GHSA-mh29-5h37-fv8m      │
└─────────────────────┴────────────────────────────────────────────────────────┘
┌─────────────────────┬────────────────────────────────────────────────────────┐
│ moderate            │ file-type affected by infinite loop in ASF parser on   │
│                     │ malformed input with zero-size sub-header              │
├─────────────────────┼────────────────────────────────────────────────────────┤
│ Package             │ file-type                                              │
├─────────────────────┼────────────────────────────────────────────────────────┤
│ Vulnerable versions │ >=13.0.0 <21.3.1                                       │
├─────────────────────┼────────────────────────────────────────────────────────┤
│ Patched versions    │ >=21.3.1                                               │
├─────────────────────┼────────────────────────────────────────────────────────┤
│ Paths               │ apps\backend > @lifehub/audit@link:../../shared/audit  │
│                     │ > @nestjs/common@10.4.22 > file-type@20.4.1            │
│                     │                                                        │
│                     │ apps\backend > @lifehub/audit@link:../../shared/audit  │
│                     │ > @nestjs/core@10.4.22 > @nestjs/common@10.4.22 >      │
│                     │ file-type@20.4.1                                       │
│                     │                                                        │
│                     │ apps\backend > @lifehub/audit@link:../../shared/audit  │
│                     │ > @nestjs/core@10.4.22 > @nestjs/microservices@10.4.22 │
│                     │ > @nestjs/common@10.4.22 > file-type@20.4.1            │
│                     │                                                        │
│                     │ ... Found 520 paths, run `pnpm why file-type` for more │
│                     │ information                                            │
├─────────────────────┼────────────────────────────────────────────────────────┤
│ More info           │ https://github.com/advisories/GHSA-5v7r-6r5c-r473      │
└─────────────────────┴────────────────────────────────────────────────────────┘
┌─────────────────────┬────────────────────────────────────────────────────────┐
│ moderate            │ file-type: ZIP Decompression Bomb DoS via              │
│                     │ [Content_Types].xml entry                              │
├─────────────────────┼────────────────────────────────────────────────────────┤
│ Package             │ file-type                                              │
├─────────────────────┼────────────────────────────────────────────────────────┤
│ Vulnerable versions │ >=20.0.0 <=21.3.1                                      │
├─────────────────────┼────────────────────────────────────────────────────────┤
│ Patched versions    │ >=21.3.2                                               │
├─────────────────────┼────────────────────────────────────────────────────────┤
│ Paths               │ apps\backend > @lifehub/audit@link:../../shared/audit  │
│                     │ > @nestjs/common@10.4.22 > file-type@20.4.1            │
│                     │                                                        │
│                     │ apps\backend > @lifehub/audit@link:../../shared/audit  │
│                     │ > @nestjs/core@10.4.22 > @nestjs/common@10.4.22 >      │
│                     │ file-type@20.4.1                                       │
│                     │                                                        │
│                     │ apps\backend > @lifehub/audit@link:../../shared/audit  │
│                     │ > @nestjs/core@10.4.22 > @nestjs/microservices@10.4.22 │
│                     │ > @nestjs/common@10.4.22 > file-type@20.4.1            │
│                     │                                                        │
│                     │ ... Found 520 paths, run `pnpm why file-type` for more │
│                     │ information                                            │
├─────────────────────┼────────────────────────────────────────────────────────┤
│ More info           │ https://github.com/advisories/GHSA-j47w-4g3g-c36v      │
└─────────────────────┴────────────────────────────────────────────────────────┘
┌─────────────────────┬────────────────────────────────────────────────────────┐
│ moderate            │ Next.js: HTTP request smuggling in rewrites            │
├─────────────────────┼────────────────────────────────────────────────────────┤
│ Package             │ next                                                   │
├─────────────────────┼────────────────────────────────────────────────────────┤
│ Vulnerable versions │ >=9.5.0 <15.5.13                                       │
├─────────────────────┼────────────────────────────────────────────────────────┤
│ Patched versions    │ >=15.5.13                                              │
├─────────────────────┼────────────────────────────────────────────────────────┤
│ Paths               │ apps\frontend > next@14.2.35                           │
├─────────────────────┼────────────────────────────────────────────────────────┤
│ More info           │ https://github.com/advisories/GHSA-ggv3-7p47-pfv8      │
└─────────────────────┴────────────────────────────────────────────────────────┘
┌─────────────────────┬────────────────────────────────────────────────────────┐
│ moderate            │ Next.js: Unbounded next/image disk cache growth can    │
│                     │ exhaust storage                                        │
├─────────────────────┼────────────────────────────────────────────────────────┤
│ Package             │ next                                                   │
├─────────────────────┼────────────────────────────────────────────────────────┤
│ Vulnerable versions │ >=10.0.0 <15.5.14                                      │
├─────────────────────┼────────────────────────────────────────────────────────┤
│ Patched versions    │ >=15.5.14                                              │
├─────────────────────┼────────────────────────────────────────────────────────┤
│ Paths               │ apps\frontend > next@14.2.35                           │
├─────────────────────┼────────────────────────────────────────────────────────┤
│ More info           │ https://github.com/advisories/GHSA-3x4c-7xq6-9pq8      │
└─────────────────────┴────────────────────────────────────────────────────────┘
┌─────────────────────┬────────────────────────────────────────────────────────┐
│ moderate            │ lodash vulnerable to Prototype Pollution via array     │
│                     │ path bypass in `_.unset` and `_.omit`                  │
├─────────────────────┼────────────────────────────────────────────────────────┤
│ Package             │ lodash                                                 │
├─────────────────────┼────────────────────────────────────────────────────────┤
│ Vulnerable versions │ <=4.17.23                                              │
├─────────────────────┼────────────────────────────────────────────────────────┤
│ Patched versions    │ >=4.18.0                                               │
├─────────────────────┼────────────────────────────────────────────────────────┤
│ Paths               │ apps\backend >                                         │
│                     │ @lifehub/email-domain@link:../../domains/email >       │
│                     │ @lifehub/integrations-domain@link:../../domains/       │
│                     │ integrations > @nestjs/config@3.3.0 > lodash@4.17.21   │
│                     │                                                        │
│                     │ apps\backend >                                         │
│                     │ @lifehub/integrations-domain@link:../../domains/       │
│                     │ integrations > @nestjs/config@3.3.0 > lodash@4.17.21   │
│                     │                                                        │
│                     │ apps\backend > @nestjs/config@3.3.0 > lodash@4.17.21   │
│                     │                                                        │
│                     │ ... Found 8 paths, run `pnpm why lodash` for more      │
│                     │ information                                            │
├─────────────────────┼────────────────────────────────────────────────────────┤
│ More info           │ https://github.com/advisories/GHSA-f23m-r3pf-42rh      │
└─────────────────────┴────────────────────────────────────────────────────────┘
┌─────────────────────┬────────────────────────────────────────────────────────┐
│ moderate            │ PostCSS has XSS via Unescaped </style> in its CSS      │
│                     │ Stringify Output                                       │
├─────────────────────┼────────────────────────────────────────────────────────┤
│ Package             │ postcss                                                │
├─────────────────────┼────────────────────────────────────────────────────────┤
│ Vulnerable versions │ <8.5.10                                                │
├─────────────────────┼────────────────────────────────────────────────────────┤
│ Patched versions    │ >=8.5.10                                               │
├─────────────────────┼────────────────────────────────────────────────────────┤
│ Paths               │ apps\frontend > next@14.2.35 > postcss@8.4.31          │
├─────────────────────┼────────────────────────────────────────────────────────┤
│ More info           │ https://github.com/advisories/GHSA-qx2v-qp2m-jg93      │
└─────────────────────┴────────────────────────────────────────────────────────┘
┌─────────────────────┬────────────────────────────────────────────────────────┐
│ moderate            │ @nestjs/core Improperly Neutralizes Special Elements   │
│                     │ in Output Used by a Downstream Component ('Injection') │
├─────────────────────┼────────────────────────────────────────────────────────┤
│ Package             │ @nestjs/core                                           │
├─────────────────────┼────────────────────────────────────────────────────────┤
│ Vulnerable versions │ <=11.1.17                                              │
├─────────────────────┼────────────────────────────────────────────────────────┤
│ Patched versions    │ >=11.1.18                                              │
├─────────────────────┼────────────────────────────────────────────────────────┤
│ Paths               │ apps\backend > @lifehub/audit@link:../../shared/audit  │
│                     │ > @nestjs/core@10.4.22 > @nestjs/microservices@10.4.22 │
│                     │ > @nestjs/core@10.4.22                                 │
│                     │                                                        │
│                     │ apps\backend > @lifehub/audit@link:../../shared/audit  │
│                     │ > @nestjs/core@10.4.22 > @nestjs/microservices@10.4.22 │
│                     │ > @nestjs/websockets@10.4.22 > @nestjs/core@10.4.22    │
│                     │                                                        │
│                     │ apps\backend > @lifehub/audit@link:../../shared/audit  │
│                     │ > @nestjs/core@10.4.22 >                               │
│                     │ @nestjs/platform-express@10.4.22 >                     │
│                     │ @nestjs/core@10.4.22                                   │
│                     │                                                        │
│                     │ ... Found 299 paths, run `pnpm why @nestjs/core` for   │
│                     │ more information                                       │
├─────────────────────┼────────────────────────────────────────────────────────┤
│ More info           │ https://github.com/advisories/GHSA-36xv-jgw5-4q75      │
└─────────────────────┴────────────────────────────────────────────────────────┘
┌─────────────────────┬────────────────────────────────────────────────────────┐
│ moderate            │ Next.js vulnerable to cross-site scripting in App      │
│                     │ Router applications using CSP nonces                   │
├─────────────────────┼────────────────────────────────────────────────────────┤
│ Package             │ next                                                   │
├─────────────────────┼────────────────────────────────────────────────────────┤
│ Vulnerable versions │ >=13.4.0 <15.5.16                                      │
├─────────────────────┼────────────────────────────────────────────────────────┤
│ Patched versions    │ >=15.5.16                                              │
├─────────────────────┼────────────────────────────────────────────────────────┤
│ Paths               │ apps\frontend > next@14.2.35                           │
├─────────────────────┼────────────────────────────────────────────────────────┤
│ More info           │ https://github.com/advisories/GHSA-ffhc-5mcf-pf4q      │
└─────────────────────┴────────────────────────────────────────────────────────┘
┌─────────────────────┬────────────────────────────────────────────────────────┐
│ moderate            │ Next.js has cross-site scripting in beforeInteractive  │
│                     │ scripts with untrusted input                           │
├─────────────────────┼────────────────────────────────────────────────────────┤
│ Package             │ next                                                   │
├─────────────────────┼────────────────────────────────────────────────────────┤
│ Vulnerable versions │ >=13.0.0 <15.5.16                                      │
├─────────────────────┼────────────────────────────────────────────────────────┤
│ Patched versions    │ >=15.5.16                                              │
├─────────────────────┼────────────────────────────────────────────────────────┤
│ Paths               │ apps\frontend > next@14.2.35                           │
├─────────────────────┼────────────────────────────────────────────────────────┤
│ More info           │ https://github.com/advisories/GHSA-gx5p-jg67-6x7h      │
└─────────────────────┴────────────────────────────────────────────────────────┘
┌─────────────────────┬────────────────────────────────────────────────────────┐
│ moderate            │ Next.js has a Denial of Service in the Image           │
│                     │ Optimization API                                       │
├─────────────────────┼────────────────────────────────────────────────────────┤
│ Package             │ next                                                   │
├─────────────────────┼────────────────────────────────────────────────────────┤
│ Vulnerable versions │ >=10.0.0 <15.5.16                                      │
├─────────────────────┼────────────────────────────────────────────────────────┤
│ Patched versions    │ >=15.5.16                                              │
├─────────────────────┼────────────────────────────────────────────────────────┤
│ Paths               │ apps\frontend > next@14.2.35                           │
├─────────────────────┼────────────────────────────────────────────────────────┤
│ More info           │ https://github.com/advisories/GHSA-h64f-5h5j-jqjh      │
└─────────────────────┴────────────────────────────────────────────────────────┘
┌─────────────────────┬────────────────────────────────────────────────────────┐
│ moderate            │ Next.js vulnerable to cache poisoning in React Server  │
│                     │ Component responses                                    │
├─────────────────────┼────────────────────────────────────────────────────────┤
│ Package             │ next                                                   │
├─────────────────────┼────────────────────────────────────────────────────────┤
│ Vulnerable versions │ >=14.2.0 <15.5.16                                      │
├─────────────────────┼────────────────────────────────────────────────────────┤
│ Patched versions    │ >=15.5.16                                              │
├─────────────────────┼────────────────────────────────────────────────────────┤
│ Paths               │ apps\frontend > next@14.2.35                           │
├─────────────────────┼────────────────────────────────────────────────────────┤
│ More info           │ https://github.com/advisories/GHSA-wfc6-r584-vfw7      │
└─────────────────────┴────────────────────────────────────────────────────────┘
┌─────────────────────┬────────────────────────────────────────────────────────┐
│ moderate            │ ws: Uninitialized memory disclosure                    │
├─────────────────────┼────────────────────────────────────────────────────────┤
│ Package             │ ws                                                     │
├─────────────────────┼────────────────────────────────────────────────────────┤
│ Vulnerable versions │ >=8.0.0 <8.20.1                                        │
├─────────────────────┼────────────────────────────────────────────────────────┤
│ Patched versions    │ >=8.20.1                                               │
├─────────────────────┼────────────────────────────────────────────────────────┤
│ Paths               │ apps\backend > @nestjs/platform-ws@10.4.22 > ws@8.18.0 │
├─────────────────────┼────────────────────────────────────────────────────────┤
│ More info           │ https://github.com/advisories/GHSA-58qx-3vcg-4xpx      │
└─────────────────────┴────────────────────────────────────────────────────────┘
┌─────────────────────┬────────────────────────────────────────────────────────┐
│ moderate            │ uuid: Missing buffer bounds check in v3/v5/v6 when buf │
│                     │ is provided                                            │
├─────────────────────┼────────────────────────────────────────────────────────┤
│ Package             │ uuid                                                   │
├─────────────────────┼────────────────────────────────────────────────────────┤
│ Vulnerable versions │ <11.1.1                                                │
├─────────────────────┼────────────────────────────────────────────────────────┤
│ Patched versions    │ >=11.1.1                                               │
├─────────────────────┼────────────────────────────────────────────────────────┤
│ Paths               │ apps\backend >                                         │
│                     │ @lifehub/email-domain@link:../../domains/email >       │
│                     │ @lifehub/integrations-domain@link:../../domains/       │
│                     │ integrations > google-auth-library@9.15.1 >            │
│                     │ gaxios@6.7.1 > uuid@9.0.1                              │
│                     │                                                        │
│                     │ apps\backend >                                         │
│                     │ @lifehub/email-domain@link:../../domains/email >       │
│                     │ @lifehub/integrations-domain@link:../../domains/       │
│                     │ integrations > google-auth-library@9.15.1 >            │
│                     │ gcp-metadata@6.1.1 > gaxios@6.7.1 > uuid@9.0.1         │
│                     │                                                        │
│                     │ apps\backend >                                         │
│                     │ @lifehub/email-domain@link:../../domains/email >       │
│                     │ @lifehub/integrations-domain@link:../../domains/       │
│                     │ integrations > google-auth-library@9.15.1 >            │
│                     │ gtoken@7.1.0 > gaxios@6.7.1 > uuid@9.0.1               │
│                     │                                                        │
│                     │ ... Found 79 paths, run `pnpm why uuid` for more       │
│                     │ information                                            │
├─────────────────────┼────────────────────────────────────────────────────────┤
│ More info           │ https://github.com/advisories/GHSA-w5hq-g745-h8pq      │
└─────────────────────┴────────────────────────────────────────────────────────┘
┌─────────────────────┬────────────────────────────────────────────────────────┐
│ moderate            │ qs has a remotely triggerable DoS: qs.stringify        │
│                     │ crashes with TypeError on null/undefined entries in    │
│                     │ comma-format arrays when encodeValuesOnly is set       │
├─────────────────────┼────────────────────────────────────────────────────────┤
│ Package             │ qs                                                     │
├─────────────────────┼────────────────────────────────────────────────────────┤
│ Vulnerable versions │ >=6.11.1 <=6.15.1                                      │
├─────────────────────┼────────────────────────────────────────────────────────┤
│ Patched versions    │ >=6.15.2                                               │
├─────────────────────┼────────────────────────────────────────────────────────┤
│ Paths               │ apps\backend > @lifehub/audit@link:../../shared/audit  │
│                     │ > @nestjs/core@10.4.22 >                               │
│                     │ @nestjs/platform-express@10.4.22 > body-parser@1.20.4  │
│                     │ > qs@6.14.2                                            │
│                     │                                                        │
│                     │ apps\backend > @lifehub/audit@link:../../shared/audit  │
│                     │ > @nestjs/core@10.4.22 >                               │
│                     │ @nestjs/platform-express@10.4.22 > express@4.22.1 >    │
│                     │ body-parser@1.20.4 > qs@6.14.2                         │
│                     │                                                        │
│                     │ apps\backend > @lifehub/audit@link:../../shared/audit  │
│                     │ > @nestjs/core@10.4.22 >                               │
│                     │ @nestjs/platform-express@10.4.22 > express@4.22.1 >    │
│                     │ qs@6.14.2                                              │
│                     │                                                        │
│                     │ ... Found 228 paths, run `pnpm why qs` for more        │
│                     │ information                                            │
├─────────────────────┼────────────────────────────────────────────────────────┤
│ More info           │ https://github.com/advisories/GHSA-q8mj-m7cp-5q26      │
└─────────────────────┴────────────────────────────────────────────────────────┘
┌─────────────────────┬────────────────────────────────────────────────────────┐
│ moderate            │ Lodash has Prototype Pollution Vulnerability in        │
│                     │ `_.unset` and `_.omit` functions                       │
├─────────────────────┼────────────────────────────────────────────────────────┤
│ Package             │ lodash                                                 │
├─────────────────────┼────────────────────────────────────────────────────────┤
│ Vulnerable versions │ >=4.0.0 <=4.17.22                                      │
├─────────────────────┼────────────────────────────────────────────────────────┤
│ Patched versions    │ >=4.17.23                                              │
├─────────────────────┼────────────────────────────────────────────────────────┤
│ Paths               │ apps\backend >                                         │
│                     │ @lifehub/email-domain@link:../../domains/email >       │
│                     │ @lifehub/integrations-domain@link:../../domains/       │
│                     │ integrations > @nestjs/config@3.3.0 > lodash@4.17.21   │
│                     │                                                        │
│                     │ apps\backend >                                         │
│                     │ @lifehub/integrations-domain@link:../../domains/       │
│                     │ integrations > @nestjs/config@3.3.0 > lodash@4.17.21   │
│                     │                                                        │
│                     │ apps\backend > @nestjs/config@3.3.0 > lodash@4.17.21   │
│                     │                                                        │
│                     │ ... Found 8 paths, run `pnpm why lodash` for more      │
│                     │ information                                            │
├─────────────────────┼────────────────────────────────────────────────────────┤
│ More info           │ https://github.com/advisories/GHSA-xxjr-mmjv-4gpg      │
└─────────────────────┴────────────────────────────────────────────────────────┘
┌─────────────────────┬────────────────────────────────────────────────────────┐
│ moderate            │ Multer vulnerable to Denial of Service via incomplete  │
│                     │ cleanup of aborted uploads                             │
├─────────────────────┼────────────────────────────────────────────────────────┤
│ Package             │ multer                                                 │
├─────────────────────┼────────────────────────────────────────────────────────┤
│ Vulnerable versions │ >=2.0.0-alpha.1 <2.2.0                                 │
├─────────────────────┼────────────────────────────────────────────────────────┤
│ Patched versions    │ >=2.2.0                                                │
├─────────────────────┼────────────────────────────────────────────────────────┤
│ Paths               │ apps\backend > @lifehub/audit@link:../../shared/audit  │
│                     │ > @nestjs/core@10.4.22 >                               │
│                     │ @nestjs/platform-express@10.4.22 > multer@2.0.2        │
│                     │                                                        │
│                     │ apps\backend >                                         │
│                     │ @lifehub/dashboard-domain@link:../../domains/dashboard │
│                     │ > @lifehub/permissions@link:../../shared/permissions > │
│                     │ @nestjs/core@10.4.22 >                                 │
│                     │ @nestjs/platform-express@10.4.22 > multer@2.0.2        │
│                     │                                                        │
│                     │ apps\backend >                                         │
│                     │ @lifehub/email-domain@link:../../domains/email >       │
│                     │ @lifehub/integrations-domain@link:../../domains/       │
│                     │ integrations >                                         │
│                     │ @lifehub/permissions@link:../../shared/permissions >   │
│                     │ @nestjs/core@10.4.22 >                                 │
│                     │ @nestjs/platform-express@10.4.22 > multer@2.0.2        │
│                     │                                                        │
│                     │ ... Found 76 paths, run `pnpm why multer` for more     │
│                     │ information                                            │
├─────────────────────┼────────────────────────────────────────────────────────┤
│ More info           │ https://github.com/advisories/GHSA-3p4h-7m6x-2hcm      │
└─────────────────────┴────────────────────────────────────────────────────────┘
┌─────────────────────┬────────────────────────────────────────────────────────┐
│ moderate            │ JS-YAML: Quadratic-complexity DoS in merge key         │
│                     │ handling via repeated aliases                          │
├─────────────────────┼────────────────────────────────────────────────────────┤
│ Package             │ js-yaml                                                │
├─────────────────────┼────────────────────────────────────────────────────────┤
│ Vulnerable versions │ >=4.0.0 <=4.1.1                                        │
├─────────────────────┼────────────────────────────────────────────────────────┤
│ Patched versions    │ >=4.2.0                                                │
├─────────────────────┼────────────────────────────────────────────────────────┤
│ Paths               │ apps\backend > @nestjs/swagger@7.4.2 > js-yaml@4.1.0   │
├─────────────────────┼────────────────────────────────────────────────────────┤
│ More info           │ https://github.com/advisories/GHSA-h67p-54hq-rp68      │
└─────────────────────┴────────────────────────────────────────────────────────┘
┌─────────────────────┬────────────────────────────────────────────────────────┐
│ moderate            │ Next.js: Cache confusion of response bodies for        │
│                     │ requests with bodies                                   │
├─────────────────────┼────────────────────────────────────────────────────────┤
│ Package             │ next                                                   │
├─────────────────────┼────────────────────────────────────────────────────────┤
│ Vulnerable versions │ >=13.0.0 <15.5.21                                      │
├─────────────────────┼────────────────────────────────────────────────────────┤
│ Patched versions    │ >=15.5.21                                              │
├─────────────────────┼────────────────────────────────────────────────────────┤
│ Paths               │ apps\frontend > next@14.2.35                           │
├─────────────────────┼────────────────────────────────────────────────────────┤
│ More info           │ https://github.com/advisories/GHSA-68g3-v927-f742      │
└─────────────────────┴────────────────────────────────────────────────────────┘
┌─────────────────────┬────────────────────────────────────────────────────────┐
│ moderate            │ Next.js: Cache confusion of response bodies for        │
│                     │ requests with bodies containing invalid UTF-8 byte     │
│                     │ sequences                                              │
├─────────────────────┼────────────────────────────────────────────────────────┤
│ Package             │ next                                                   │
├─────────────────────┼────────────────────────────────────────────────────────┤
│ Vulnerable versions │ >=13.0.0 <15.5.21                                      │
├─────────────────────┼────────────────────────────────────────────────────────┤
│ Patched versions    │ >=15.5.21                                              │
├─────────────────────┼────────────────────────────────────────────────────────┤
│ Paths               │ apps\frontend > next@14.2.35                           │
├─────────────────────┼────────────────────────────────────────────────────────┤
│ More info           │ https://github.com/advisories/GHSA-4633-3j49-mh5q      │
└─────────────────────┴────────────────────────────────────────────────────────┘
┌─────────────────────┬────────────────────────────────────────────────────────┐
│ moderate            │ Next.js: Unbounded Server Action payload in Edge       │
│                     │ runtime                                                │
├─────────────────────┼────────────────────────────────────────────────────────┤
│ Package             │ next                                                   │
├─────────────────────┼────────────────────────────────────────────────────────┤
│ Vulnerable versions │ >=13.0.0 <15.5.21                                      │
├─────────────────────┼────────────────────────────────────────────────────────┤
│ Patched versions    │ >=15.5.21                                              │
├─────────────────────┼────────────────────────────────────────────────────────┤
│ Paths               │ apps\frontend > next@14.2.35                           │
├─────────────────────┼────────────────────────────────────────────────────────┤
│ More info           │ https://github.com/advisories/GHSA-4c39-4ccg-62r3      │
└─────────────────────┴────────────────────────────────────────────────────────┘
┌─────────────────────┬────────────────────────────────────────────────────────┐
│ moderate            │ Next.js: Unauthenticated disclosure of internal Server │
│                     │ Function endpoints                                     │
├─────────────────────┼────────────────────────────────────────────────────────┤
│ Package             │ next                                                   │
├─────────────────────┼────────────────────────────────────────────────────────┤
│ Vulnerable versions │ >=13.0.0 <15.5.21                                      │
├─────────────────────┼────────────────────────────────────────────────────────┤
│ Patched versions    │ >=15.5.21                                              │
├─────────────────────┼────────────────────────────────────────────────────────┤
│ Paths               │ apps\frontend > next@14.2.35                           │
├─────────────────────┼────────────────────────────────────────────────────────┤
│ More info           │ https://github.com/advisories/GHSA-955p-x3mx-jcvp      │
└─────────────────────┴────────────────────────────────────────────────────────┘
┌─────────────────────┬────────────────────────────────────────────────────────┐
│ moderate            │ PostCSS: incomplete fix of GHSA-6g55-p6wh-862q —       │
│                     │ attacker-controlled sourceMappingURL reads arbitrary   │
│                     │ .map files when `from` is unset                        │
├─────────────────────┼────────────────────────────────────────────────────────┤
│ Package             │ postcss                                                │
├─────────────────────┼────────────────────────────────────────────────────────┤
│ Vulnerable versions │ <=8.5.22                                               │
├─────────────────────┼────────────────────────────────────────────────────────┤
│ Patched versions    │ >=8.5.23                                               │
├─────────────────────┼────────────────────────────────────────────────────────┤
│ Paths               │ apps\frontend > next@14.2.35 > postcss@8.4.31          │
├─────────────────────┼────────────────────────────────────────────────────────┤
│ More info           │ https://github.com/advisories/GHSA-fxqj-rqcc-2cmp      │
└─────────────────────┴────────────────────────────────────────────────────────┘
┌─────────────────────┬────────────────────────────────────────────────────────┐
│ low                 │ Next.js's Middleware / Proxy redirects can be          │
│                     │ cache-poisoned                                         │
├─────────────────────┼────────────────────────────────────────────────────────┤
│ Package             │ next                                                   │
├─────────────────────┼────────────────────────────────────────────────────────┤
│ Vulnerable versions │ >=12.2.0 <15.5.16                                      │
├─────────────────────┼────────────────────────────────────────────────────────┤
│ Patched versions    │ >=15.5.16                                              │
├─────────────────────┼────────────────────────────────────────────────────────┤
│ Paths               │ apps\frontend > next@14.2.35                           │
├─────────────────────┼────────────────────────────────────────────────────────┤
│ More info           │ https://github.com/advisories/GHSA-3g8h-86w9-wvmq      │
└─────────────────────┴────────────────────────────────────────────────────────┘
┌─────────────────────┬────────────────────────────────────────────────────────┐
│ low                 │ Next.js vulnerable to cache poisoning via collisions   │
│                     │ in React Server Component cache-busting                │
├─────────────────────┼────────────────────────────────────────────────────────┤
│ Package             │ next                                                   │
├─────────────────────┼────────────────────────────────────────────────────────┤
│ Vulnerable versions │ >=13.4.6 <15.5.16                                      │
├─────────────────────┼────────────────────────────────────────────────────────┤
│ Patched versions    │ >=15.5.16                                              │
├─────────────────────┼────────────────────────────────────────────────────────┤
│ Paths               │ apps\frontend > next@14.2.35                           │
├─────────────────────┼────────────────────────────────────────────────────────┤
│ More info           │ https://github.com/advisories/GHSA-vfv6-92ff-j949      │
└─────────────────────┴────────────────────────────────────────────────────────┘
┌─────────────────────┬────────────────────────────────────────────────────────┐
│ low                 │ body-parser vulnerable to denial of service when       │
│                     │ invalid limit value silently disables size enforcement │
├─────────────────────┼────────────────────────────────────────────────────────┤
│ Package             │ body-parser                                            │
├─────────────────────┼────────────────────────────────────────────────────────┤
│ Vulnerable versions │ <1.20.6                                                │
├─────────────────────┼────────────────────────────────────────────────────────┤
│ Patched versions    │ >=1.20.6                                               │
├─────────────────────┼────────────────────────────────────────────────────────┤
│ Paths               │ apps\backend > @lifehub/audit@link:../../shared/audit  │
│                     │ > @nestjs/core@10.4.22 >                               │
│                     │ @nestjs/platform-express@10.4.22 > body-parser@1.20.4  │
│                     │                                                        │
│                     │ apps\backend > @lifehub/audit@link:../../shared/audit  │
│                     │ > @nestjs/core@10.4.22 >                               │
│                     │ @nestjs/platform-express@10.4.22 > express@4.22.1 >    │
│                     │ body-parser@1.20.4                                     │
│                     │                                                        │
│                     │ apps\backend >                                         │
│                     │ @lifehub/dashboard-domain@link:../../domains/dashboard │
│                     │ > @lifehub/permissions@link:../../shared/permissions > │
│                     │ @nestjs/core@10.4.22 >                                 │
│                     │ @nestjs/platform-express@10.4.22 > body-parser@1.20.4  │
│                     │                                                        │
│                     │ ... Found 152 paths, run `pnpm why body-parser` for    │
│                     │ more information                                       │
├─────────────────────┼────────────────────────────────────────────────────────┤
│ More info           │ https://github.com/advisories/GHSA-v422-hmwv-36x6      │
└─────────────────────┴────────────────────────────────────────────────────────┘
49 vulnerabilities found
Severity: 3 low | 24 moderate | 22 high
